
                                 *****************
                                 * O   R   C   A *
                                 *****************

                                            #,                                       
                                            ###                                      
                                            ####                                     
                                            #####                                    
                                            ######                                   
                                           ########,                                 
                                     ,,################,,,,,                         
                               ,,#################################,,                 
                          ,,##########################################,,             
                       ,#########################################, ''#####,          
                    ,#############################################,,   '####,        
                  ,##################################################,,,,####,       
                ,###########''''           ''''###############################       
              ,#####''   ,,,,##########,,,,          '''####'''          '####       
            ,##' ,,,,###########################,,,                        '##       
           ' ,,###''''                  '''############,,,                           
         ,,##''                                '''############,,,,        ,,,,,,###''
      ,#''                                            '''#######################'''  
     '                                                          ''''####''''         
             ,#######,   #######,   ,#######,      ##                                
            ,#'     '#,  ##    ##  ,#'     '#,    #''#        ######   ,####,        
            ##       ##  ##   ,#'  ##            #'  '#       #        #'  '#        
            ##       ##  #######   ##           ,######,      #####,   #    #        
            '#,     ,#'  ##    ##  '#,     ,#' ,#      #,         ##   #,  ,#        
             '#######'   ##     ##  '#######'  #'      '#     #####' # '####'        



                  #######################################################
                  #                        -***-                        #
                  #          Department of theory and spectroscopy      #
                  #    Directorship and core code : Frank Neese         #
                  #        Max Planck Institute fuer Kohlenforschung    #
                  #                Kaiser Wilhelm Platz 1               #
                  #                 D-45470 Muelheim/Ruhr               #
                  #                      Germany                        #
                  #                                                     #
                  #                  All rights reserved                #
                  #                        -***-                        #
                  #######################################################


                         Program Version 5.0.3 -  RELEASE  -


 With contributions from (in alphabetic order):
   Daniel Aravena         : Magnetic Suceptibility
   Michael Atanasov       : Ab Initio Ligand Field Theory (pilot matlab implementation)
   Alexander A. Auer      : GIAO ZORA, VPT2 properties, NMR spectrum
   Ute Becker             : Parallelization
   Giovanni Bistoni       : ED, misc. LED, open-shell LED, HFLD
   Martin Brehm           : Molecular dynamics
   Dmytro Bykov           : SCF Hessian
   Vijay G. Chilkuri      : MRCI spin determinant printing, contributions to CSF-ICE
   Dipayan Datta          : RHF DLPNO-CCSD density
   Achintya Kumar Dutta   : EOM-CC, STEOM-CC
   Dmitry Ganyushin       : Spin-Orbit,Spin-Spin,Magnetic field MRCI
   Miquel Garcia          : C-PCM and meta-GGA Hessian, CC/C-PCM, Gaussian charge scheme
   Yang Guo               : DLPNO-NEVPT2, F12-NEVPT2, CIM, IAO-localization
   Andreas Hansen         : Spin unrestricted coupled pair/coupled cluster methods
   Benjamin Helmich-Paris : MC-RPA, TRAH-SCF, COSX integrals
   Lee Huntington         : MR-EOM, pCC
   Robert Izsak           : Overlap fitted RIJCOSX, COSX-SCS-MP3, EOM
   Marcus Kettner         : VPT2
   Christian Kollmar      : KDIIS, OOCD, Brueckner-CCSD(T), CCSD density, CASPT2, CASPT2-K
   Simone Kossmann        : Meta GGA functionals, TD-DFT gradient, OOMP2, MP2 Hessian
   Martin Krupicka        : Initial AUTO-CI
   Lucas Lang             : DCDCAS
   Marvin Lechner         : AUTO-CI (C++ implementation), FIC-MRCC
   Dagmar Lenk            : GEPOL surface, SMD
   Dimitrios Liakos       : Extrapolation schemes; Compound Job, initial MDCI parallelization
   Dimitrios Manganas     : Further ROCIS development; embedding schemes
   Dimitrios Pantazis     : SARC Basis sets
   Anastasios Papadopoulos: AUTO-CI, single reference methods and gradients
   Taras Petrenko         : DFT Hessian,TD-DFT gradient, ASA, ECA, R-Raman, ABS, FL, XAS/XES, NRVS
   Peter Pinski           : DLPNO-MP2, DLPNO-MP2 Gradient
   Christoph Reimann      : Effective Core Potentials
   Marius Retegan         : Local ZFS, SOC
   Christoph Riplinger    : Optimizer, TS searches, QM/MM, DLPNO-CCSD(T), (RO)-DLPNO pert. Triples
   Tobias Risthaus        : Range-separated hybrids, TD-DFT gradient, RPA, STAB
   Michael Roemelt        : Original ROCIS implementation
   Masaaki Saitow         : Open-shell DLPNO-CCSD energy and density
   Barbara Sandhoefer     : DKH picture change effects
   Avijit Sen             : IP-ROCIS
   Kantharuban Sivalingam : CASSCF convergence, NEVPT2, FIC-MRCI
   Bernardo de Souza      : ESD, SOC TD-DFT
   Georgi Stoychev        : AutoAux, RI-MP2 NMR, DLPNO-MP2 response
   Willem Van den Heuvel  : Paramagnetic NMR
   Boris Wezisla          : Elementary symmetry handling
   Frank Wennmohs         : Technical directorship


 We gratefully acknowledge several colleagues who have allowed us to
 interface, adapt or use parts of their codes:
   Stefan Grimme, W. Hujo, H. Kruse, P. Pracht,  : VdW corrections, initial TS optimization,
                  C. Bannwarth, S. Ehlert          DFT functionals, gCP, sTDA/sTD-DF
   Ed Valeev, F. Pavosevic, A. Kumar             : LibInt (2-el integral package), F12 methods
   Garnet Chan, S. Sharma, J. Yang, R. Olivares  : DMRG
   Ulf Ekstrom                                   : XCFun DFT Library
   Mihaly Kallay                                 : mrcc  (arbitrary order and MRCC methods)
   Jiri Pittner, Ondrej Demel                    : Mk-CCSD
   Frank Weinhold                                : gennbo (NPA and NBO analysis)
   Christopher J. Cramer and Donald G. Truhlar   : smd solvation model
   Lars Goerigk                                  : TD-DFT with DH, B97 family of functionals
   V. Asgeirsson, H. Jonsson                     : NEB implementation
   FAccTs GmbH                                   : IRC, NEB, NEB-TS, DLPNO-Multilevel, CI-OPT
                                                   MM, QMMM, 2- and 3-layer-ONIOM, Crystal-QMMM,
                                                   LR-CPCM, SF, NACMEs, symmetry and pop. for TD-DFT,
                                                   nearIR, NL-DFT gradient (VV10), updates on ESD,
                                                   ML-optimized integration grids
   S Lehtola, MJT Oliveira, MAL Marques          : LibXC Library
   Liviu Ungur et al                             : ANISO software


 Your calculation uses the libint2 library for the computation of 2-el integrals
 For citations please refer to: http://libint.valeyev.net

 Your ORCA version has been built with support for libXC version: 5.1.0
 For citations please refer to: https://tddft.org/programs/libxc/

 This ORCA versions uses:
   CBLAS   interface :  Fast vector & matrix operations
   LAPACKE interface :  Fast linear algebra routines
   SCALAPACK package :  Parallel linear algebra routines
   Shared memory     :  Shared parallel matrices
   BLAS/LAPACK       :  OpenBLAS 0.3.15  USE64BITINT DYNAMIC_ARCH NO_AFFINITY SkylakeX SINGLE_THREADED
        Core in use  :  SkylakeX
   Copyright (c) 2011-2014, The OpenBLAS Project


================================================================================

----- Orbital basis set information -----
Your calculation utilizes the basis: STO-3G
   H-Ne       : W. J. Hehre, R. F. Stewart and J. A. Pople, J. Chem. Phys. 2657 (1969).
   Na-Ar      : W. J. Hehre, R. Ditchfield, R. F. Stewart and J. A. Pople, J. Chem. Phys. 2769 (1970).
   K,Ca,Ga-Kr : W. J. Pietro, B. A. Levy, W. J. Hehre and R. F. Stewart, J. Am. Chem. Soc. 19, 2225 (1980).
   Sc-Zn,Y-Cd : W. J. Pietro and W. J. Hehre, J. Comp. Chem. 4, 241 (1983).

================================================================================
                                        WARNINGS
                       Please study these warnings very carefully!
================================================================================


INFO   : the flag for use of the SHARK integral package has been found!

================================================================================
                                       INPUT FILE
================================================================================
NAME = lih-hf-sto3g.inp
|  1> %pal nprocs 1 end
|  2> %maxcore 3000
|  3> ! HF STO-3G nbo printbasis
|  4> ! verytightscf
|  5> 
|  6> 
|  7> %nbo
|  8> NBOKEYLIST = "$NBO bndidx NPA NLMO  AONLMO=W  ARCHIVE NLMO file=lih-hf-sto3g $END"
|  9> end
| 10> 
| 11> * xyz 0 1
| 12> Li                 0.92503987    0.19936204    0.00000000
| 13> H                 -0.60496013    0.19936204    0.00000000
| 14> *
| 15> 
| 16> 
| 17>                          ****END OF INPUT****
================================================================================

                       ****************************
                       * Single Point Calculation *
                       ****************************

---------------------------------
CARTESIAN COORDINATES (ANGSTROEM)
---------------------------------
  Li     0.925040    0.199362    0.000000
  H     -0.604960    0.199362    0.000000

----------------------------
CARTESIAN COORDINATES (A.U.)
----------------------------
  NO LB      ZA    FRAG     MASS         X           Y           Z
   0 Li    3.0000    0     6.941    1.748072    0.376740    0.000000
   1 H     1.0000    0     1.008   -1.143209    0.376740    0.000000

--------------------------------
INTERNAL COORDINATES (ANGSTROEM)
--------------------------------
 Li     0   0   0     0.000000000000     0.00000000     0.00000000
 H      1   0   0     1.530000000000     0.00000000     0.00000000

---------------------------
INTERNAL COORDINATES (A.U.)
---------------------------
 Li     0   0   0     0.000000000000     0.00000000     0.00000000
 H      1   0   0     2.891280984900     0.00000000     0.00000000

---------------------
BASIS SET INFORMATION
---------------------
There are 2 groups of distinct atoms

 Group   1 Type Li  : 6s3p contracted to 2s1p pattern {33/3}
 Group   2 Type H   : 3s contracted to 1s pattern {3}

Atom   0Li   basis set group =>   1
Atom   1H    basis set group =>   2

-------------------------
BASIS SET IN INPUT FORMAT
-------------------------

 # Basis set for element : H 
 NewGTO H 
 S 3 
   1       3.4252509100      0.1543289707
   2       0.6239137300      0.5353281424
   3       0.1688554000      0.4446345420
  end;

 # Basis set for element : Li
 NewGTO Li
 S 3 
   1      16.1195750000      0.1543289703
   2       2.9362007000      0.5353281412
   3       0.7946505000      0.4446345410
 S 3 
   1       0.6362897000     -0.0999672298
   2       0.1478601000      0.3995128292
   3       0.0480887000      0.7001154686
 P 3 
   1       0.6362897000      0.1559162650
   2       0.1478601000      0.6076837007
   3       0.0480887000      0.3919573775
  end;

------------------------------------------------------------------------------
                           ORCA GTO INTEGRAL CALCULATION
------------------------------------------------------------------------------
------------------------------------------------------------------------------
                   ___                                                        
                  /   \      - P O W E R E D   B Y -                         
                 /     \                                                     
                 |  |  |   _    _      __       _____    __    __             
                 |  |  |  | |  | |    /  \     |  _  \  |  |  /  |          
                  \  \/   | |  | |   /    \    | | | |  |  | /  /          
                 / \  \   | |__| |  /  /\  \   | |_| |  |  |/  /          
                |  |  |   |  __  | /  /__\  \  |    /   |      \           
                |  |  |   | |  | | |   __   |  |    \   |  |\   \          
                \     /   | |  | | |  |  |  |  | |\  \  |  | \   \       
                 \___/    |_|  |_| |__|  |__|  |_| \__\ |__|  \__/        
                                                                              
                      - O R C A' S   B I G   F R I E N D -                    
                                      &                                       
                       - I N T E G R A L  F E E D E R -                       
                                                                              
 v1 FN, 2020, v2 2021                                                         
------------------------------------------------------------------------------


Reading SHARK input file lih-hf-sto3g.SHARKINP.tmp ... ok
----------------------
SHARK INTEGRAL PACKAGE
----------------------

Number of atoms                             ...      2
Number of basis functions                   ...      6
Number of shells                            ...      4
Maximum angular momentum                    ...      1
Integral batch strategy                     ... SHARK/LIBINT Hybrid
RI-J (if used) integral strategy            ... SPLIT-RIJ (Revised 2003 algorithm where possible)
Printlevel                                  ...      1
Contraction scheme used                     ... SEGMENTED contraction
Coulomb Range Separation                    ... NOT USED
Exchange Range Separation                   ... NOT USED
Finite Nucleus Model                        ... NOT USED
Auxiliary Coulomb fitting basis             ... NOT available
Auxiliary J/K fitting basis                 ... NOT available
Auxiliary Correlation fitting basis         ... NOT available
Auxiliary 'external' fitting basis          ... NOT available
Integral threshold                          ...     1.000000e-12
Primitive cut-off                           ...     1.000000e-14
Primitive pair pre-selection threshold      ...     1.000000e-14

Calculating pre-screening integrals         ... done (  0.0 sec) Dimension = 4
Organizing shell pair data                  ... done (  0.0 sec)
Shell pair information
Total number of shell pairs                 ...        10
Shell pairs after pre-screening             ...        10
Total number of primitive shell pairs       ...        90
Primitive shell pairs kept                  ...        90
          la=0 lb=0:      6 shell pairs
          la=1 lb=0:      3 shell pairs
          la=1 lb=1:      1 shell pairs

Calculating one electron integrals          ... done (  0.0 sec)
Calculating Nuclear repulsion               ... done (  0.0 sec) ENN=      1.037602369216 Eh

SHARK setup successfully completed in   0.1 seconds

Maximum memory used throughout the entire GTOINT-calculation: 3.9 MB
-------------------------------------------------------------------------------
                                 ORCA SCF
-------------------------------------------------------------------------------

------------
SCF SETTINGS
------------
Hamiltonian:
 Ab initio Hamiltonian  Method          .... Hartree-Fock(GTOs)


General Settings:
 Integral files         IntName         .... lih-hf-sto3g
 Hartree-Fock type      HFTyp           .... RHF
 Total Charge           Charge          ....    0
 Multiplicity           Mult            ....    1
 Number of Electrons    NEL             ....    4
 Basis Dimension        Dim             ....    6
 Nuclear Repulsion      ENuc            ....      1.0376023692 Eh

Convergence Acceleration:
 DIIS                   CNVDIIS         .... on
   Start iteration      DIISMaxIt       ....    12
   Startup error        DIISStart       ....  0.200000
   # of expansion vecs  DIISMaxEq       ....     5
   Bias factor          DIISBfac        ....   1.050
   Max. coefficient     DIISMaxC        ....  10.000
 Trust-Rad. Augm. Hess. CNVTRAH         .... auto
   Auto Start mean grad. ratio tolernc. ....  1.125000
   Auto Start start iteration           ....    20
   Auto Start num. interpolation iter.  ....    10
   Max. Number of Micro iterations      ....    16
   Max. Number of Macro iterations      .... Maxiter - #DIIS iter
   Number of Davidson start vectors     ....     2
   Converg. threshold I  (grad. norm)   ....   2.000e-06
   Converg. threshold II (energy diff.) ....   1.000e-09
   Grad. Scal. Fac. for Micro threshold ....   0.100
   Minimum threshold for Micro iter.    ....   0.010
   NR start threshold (gradient norm)   ....   0.001
   Initial trust radius                 ....   0.400
   Minimum AH scaling param. (alpha)    ....   1.000
   Maximum AH scaling param. (alpha)    .... 1000.000
   Orbital update algorithm             .... Taylor
   White noise on init. David. guess    .... on
   Maximum white noise                  ....   0.010
   Quad. conv. algorithm                .... NR
 SOSCF                  CNVSOSCF        .... on
   Start iteration      SOSCFMaxIt      ....   150
   Startup grad/error   SOSCFStart      ....  0.003300
 Level Shifting         CNVShift        .... on
   Level shift para.    LevelShift      ....    0.2500
   Turn off err/grad.   ShiftErr        ....    0.0010
 Zerner damping         CNVZerner       .... off
 Static damping         CNVDamp         .... on
   Fraction old density DampFac         ....    0.7000
   Max. Damping (<1)    DampMax         ....    0.9800
   Min. Damping (>=0)   DampMin         ....    0.0000
   Turn off err/grad.   DampErr         ....    0.1000
 Fernandez-Rico         CNVRico         .... off

SCF Procedure:
 Maximum # iterations   MaxIter         ....   125
 SCF integral mode      SCFMode         .... Direct
   Integral package                     .... SHARK and LIBINT hybrid scheme
 Reset frequency        DirectResetFreq ....    20
 Integral Threshold     Thresh          ....  1.000e-12 Eh
 Primitive CutOff       TCut            ....  1.000e-14 Eh

Convergence Tolerance:
 Convergence Check Mode ConvCheckMode   .... Total+1el-Energy
 Convergence forced     ConvForced      .... 0
 Energy Change          TolE            ....  1.000e-09 Eh
 1-El. energy change                    ....  1.000e-06 Eh
 Orbital Gradient       TolG            ....  2.000e-06
 Orbital Rotation angle TolX            ....  2.000e-06
 DIIS Error             TolErr          ....  1.000e-08


Diagonalization of the overlap matrix:
Smallest eigenvalue                        ... 3.276e-01
Time for diagonalization                   ...    0.000 sec
Threshold for overlap eigenvalues          ... 1.000e-08
Number of eigenvalues below threshold      ... 0
Time for construction of square roots      ...    0.001 sec
Total time needed                          ...    0.001 sec

Time for model grid setup =    0.007 sec

------------------------------
INITIAL GUESS: MODEL POTENTIAL
------------------------------
Loading Hartree-Fock densities                     ... done
Calculating cut-offs                               ... done
Initializing the effective Hamiltonian             ... done
Setting up the integral package (SHARK)            ... done
Starting the Coulomb interaction                   ... done (   0.0 sec)
Reading the grid                                   ... done
Mapping shells                                     ... done
Starting the XC term evaluation                    ... done (   0.0 sec)
Transforming the Hamiltonian                       ... done (   0.0 sec)
Diagonalizing the Hamiltonian                      ... done (   0.0 sec)
Back transforming the eigenvectors                 ... done (   0.0 sec)
Now organizing SCF variables                       ... done
                      ------------------
                      INITIAL GUESS DONE (   0.0 sec)
                      ------------------
--------------
SCF ITERATIONS
--------------
ITER       Energy         Delta-E        Max-DP      RMS-DP      [F,P]     Damp
               ***  Starting incremental Fock matrix formation  ***
  0     -7.8415241405   0.000000000000 0.07022334  0.01394518  0.0832832 0.7000
  1     -7.8470617206  -0.005537580123 0.06558885  0.01325767  0.0685727 0.7000
                               ***Turning on DIIS***
  2     -7.8514800062  -0.004418285523 0.16967428  0.03480977  0.0535301 0.0000
  3     -7.8640306820  -0.012550675817 0.01990990  0.00450954  0.0117319 0.0000
  4     -7.8635871512   0.000443530809 0.01322352  0.00294561  0.0066455 0.0000
  5     -7.8637480613  -0.000160910113 0.00966207  0.00229635  0.0040588 0.0000
                      *** Initiating the SOSCF procedure ***
                           *** Shutting down DIIS ***
                      *** Re-Reading the Fockian *** 
                      *** Removing any level shift *** 
ITER      Energy       Delta-E        Grad      Rot      Max-DP    RMS-DP
  6     -7.86359612   0.0001519384  0.002173  0.002173  0.004698  0.001109
               *** Restarting incremental Fock matrix formation ***
  7     -7.86330505   0.0002910691  0.000431  0.001164  0.001739  0.000377
  8     -7.86330656  -0.0000015099  0.000217  0.001228  0.001606  0.000389
  9     -7.86330712  -0.0000005540  0.000022  0.000026  0.000064  0.000015
 10     -7.86330712  -0.0000000015  0.000003  0.000004  0.000010  0.000002
                 **** Energy Check signals convergence ****
              ***Rediagonalizing the Fockian in SOSCF/NRSCF***

               *****************************************************
               *                     SUCCESS                       *
               *           SCF CONVERGED AFTER  11 CYCLES          *
               *****************************************************


----------------
TOTAL SCF ENERGY
----------------

Total Energy       :           -7.86330712 Eh            -213.97146 eV

Components:
Nuclear Repulsion  :            1.03760237 Eh              28.23460 eV
Electronic Energy  :           -8.90090949 Eh            -242.20606 eV
One Electron Energy:          -12.52491973 Eh            -340.82039 eV
Two Electron Energy:            3.62401024 Eh              98.61433 eV

Virial components:
Potential Energy   :          -15.83577488 Eh            -430.91334 eV
Kinetic Energy     :            7.97246776 Eh             216.94188 eV
Virial Ratio       :            1.98630780


---------------
SCF CONVERGENCE
---------------

  Last Energy change         ...   -2.7004e-11  Tolerance :   1.0000e-09
  Last MAX-Density change    ...    4.7024e-08  Tolerance :   1.0000e-08
  Last RMS-Density change    ...    1.5056e-08  Tolerance :   1.0000e-09
  Last Orbital Gradient      ...    7.5471e-08  Tolerance :   2.0000e-06
  Last Orbital Rotation      ...    3.1495e-08  Tolerance :   2.0000e-06

             **** THE GBW FILE WAS UPDATED (lih-hf-sto3g.gbw) ****
             **** DENSITY lih-hf-sto3g.scfp WAS UPDATED ****
             **** ENERGY FILE WAS UPDATED (lih-hf-sto3g.en.tmp) ****
             **** THE GBW FILE WAS UPDATED (lih-hf-sto3g.gbw) ****
             **** DENSITY lih-hf-sto3g.scfp WAS UPDATED ****
----------------
ORBITAL ENERGIES
----------------

  NO   OCC          E(Eh)            E(eV) 
   0   2.0000      -2.347321       -63.8739 
   1   2.0000      -0.291129        -7.9220 
   2   0.0000       0.078786         2.1439 
   3   0.0000       0.163837         4.4582 
   4   0.0000       0.163837         4.4582 
   5   0.0000       0.566644        15.4192 

                    ********************************
                    * MULLIKEN POPULATION ANALYSIS *
                    ********************************

-----------------------
MULLIKEN ATOMIC CHARGES
-----------------------
   0 Li:   -0.016754
   1 H :    0.016754
Sum of atomic charges:    0.0000000

--------------------------------
MULLIKEN REDUCED ORBITAL CHARGES
--------------------------------
  0 Lis       :     2.574164  s :     2.574164
      pz      :     0.000000  p :     0.442590
      px      :     0.442590
      py      :     0.000000
  1 H s       :     0.983246  s :     0.983246


                     *******************************
                     * LOEWDIN POPULATION ANALYSIS *
                     *******************************

----------------------
LOEWDIN ATOMIC CHARGES
----------------------
   0 Li:   -0.013163
   1 H :    0.013163

-------------------------------
LOEWDIN REDUCED ORBITAL CHARGES
-------------------------------
  0 Lis       :     2.564505  s :     2.564505
      pz      :     0.000000  p :     0.448657
      px      :     0.448657
      py      :     0.000000
  1 H s       :     0.986837  s :     0.986837


                      *****************************
                      * MAYER POPULATION ANALYSIS *
                      *****************************

  NA   - Mulliken gross atomic population
  ZA   - Total nuclear charge
  QA   - Mulliken gross atomic charge
  VA   - Mayer's total valence
  BVA  - Mayer's bonded valence
  FA   - Mayer's free valence

  ATOM       NA         ZA         QA         VA         BVA        FA
  0 Li     3.0168     3.0000    -0.0168     0.9997     0.9997     0.0000
  1 H      0.9832     1.0000     0.0168     0.9997     0.9997     0.0000

  Mayer bond orders larger than 0.100000
B(  0-Li,  1-H ) :   0.9997 

Now starting NBO....

 *********************************** NBO 6.0 ***********************************
             N A T U R A L   A T O M I C   O R B I T A L   A N D
          N A T U R A L   B O N D   O R B I T A L   A N A L Y S I S
 ********* University at Buffalo Center for Computational Res (101245) *********
  (c) Copyright 1996-2018 Board of Regents of the University of Wisconsin System
      on behalf of the Theoretical Chemistry Institute.  All rights reserved.

          Cite this program as:

          NBO 6.0.  E. D. Glendening, J. K. Badenhoop, A. E. Reed,
          J. E. Carpenter, J. A. Bohmann, C. M. Morales, C. R. Landis,
          and F. Weinhold (Theoretical Chemistry Institute, University
          of Wisconsin, Madison, WI, 2013); http://nbo6.chem.wisc.edu/

       /NPA    / : Natural Population Analysis
       /NLMO   / : Form natural localized molecular orbitals
       /AONLMO / : Write the AO to NLMO transformation to lfn39
       /ARCHIVE/ : Write the archive file to lfn47
       /BNDIDX / : Print bond indices based on the NAO density matrix
       /FILE   / : Set to lih-hf-sto3g

 Filename set to lih-hf-sto3g

 Job title:  ORCA Job: lih-hf-sto3g


 NATURAL POPULATIONS:  Natural atomic orbital occupancies

  NAO Atom No lang   Type(AO)    Occupancy      Energy
 -------------------------------------------------------
   1   Li  1  s      Cor( 1s)     1.99993      -2.34722
   2   Li  1  s      Val( 2s)     0.39561       0.06532
   3   Li  1  px     Ryd( 2p)     0.16209       0.37487
   4   Li  1  py     Ryd( 2p)     0.00000       0.16384
   5   Li  1  pz     Ryd( 2p)     0.00000       0.16384

   6    H  2  s      Val( 1s)     1.44237      -0.08599


 Summary of Natural Population Analysis:

                                     Natural Population
             Natural    ---------------------------------------------
  Atom No    Charge        Core      Valence    Rydberg      Total
 --------------------------------------------------------------------
   Li  1    0.44237      1.99993     0.39561    0.16209     2.55763
    H  2   -0.44237      0.00000     1.44237    0.00000     1.44237
 ====================================================================
 * Total *  0.00000      1.99993     1.83797    0.16209     4.00000

                                 Natural Population
 ---------------------------------------------------------
   Core                       1.99993 ( 99.9966% of    2)
   Valence                    1.83797 ( 91.8987% of    2)
   Natural Minimal Basis      3.83791 ( 95.9476% of    4)
   Natural Rydberg Basis      0.16209 (  4.0524% of    4)
 ---------------------------------------------------------

    Atom No         Natural Electron Configuration
 ----------------------------------------------------------------------------
     Li  1      [core]2s( 0.40)2p( 0.16)
      H  2            1s( 1.44)


 Wiberg bond index matrix in the NAO basis:

     Atom    1       2
     ---- ------  ------
   1. Li  0.0000  0.8043
   2.  H  0.8043  0.0000


 Wiberg bond index, Totals by atom:

     Atom    1
     ---- ------
   1. Li  0.8043
   2.  H  0.8043


 NBI: Natural Binding Index (NCU strength parameters)

     Atom    1       2
     ---- ------  ------
   1. Li  0.0000  0.8968
   2.  H  0.8968  0.0000


 NATURAL BOND ORBITAL ANALYSIS:

                            Occupancies       Lewis Structure    Low   High
         Max    Occ     -------------------  -----------------   occ   occ
  Cycle  Ctr   Thresh    Lewis   non-Lewis     CR  BD  nC  LP    (L)   (NL)
 ============================================================================
    1     2     1.90     3.99993   0.00007      1   1   0   0     0      0
 ----------------------------------------------------------------------------

 Structure accepted: No low occupancy Lewis orbitals

 -------------------------------------------------------
   Core                      1.99993 ( 99.997% of   2)
   Valence Lewis             2.00000 (100.000% of   2)
  ==================      =============================
   Total Lewis               3.99993 ( 99.998% of   4)
  -----------------------------------------------------
   Valence non-Lewis         0.00003 (  0.001% of   4)
   Rydberg non-Lewis         0.00004 (  0.001% of   4)
  ==================      =============================
   Total non-Lewis           0.00007 (  0.002% of   4)
 -------------------------------------------------------


     (Occupancy)   Bond orbital / Coefficients / Hybrids
 ------------------ Lewis ------------------------------------------------------
   1. (1.99993) CR ( 1)Li  1            s(100.00%)
                                         1.0000  0.0000  0.0000  0.0000  0.0000
   2. (2.00000) BD ( 1)Li  1- H  2
               ( 27.88%)   0.5280*Li  1 s( 70.94%)p 0.41( 29.06%)
                                         0.0000  0.8423 -0.5390  0.0000  0.0000
               ( 72.12%)   0.8492* H  2 s(100.00%)
                                         1.0000
 ---------------- non-Lewis ----------------------------------------------------
   3. (0.00003) BD*( 1)Li  1- H  2
               ( 72.12%)   0.8492*Li  1 s( 70.94%)p 0.41( 29.06%)
               ( 27.88%)  -0.5280* H  2 s(100.00%)
   4. (0.00004) RY ( 1)Li  1            s( 29.06%)p 2.44( 70.94%)
   5. (0.00000) RY ( 2)Li  1            s(  0.00%)p 1.00(100.00%)
   6. (0.00000) RY ( 3)Li  1            s(  0.00%)p 1.00(100.00%)


 NHO DIRECTIONALITY AND BOND BENDING (deviation from line of nuclear centers at
                                      the position of maximum hybrid amplitude)

         [Thresholds for printing:  angular deviation  >  1.0 degree]
                                    p- or d-character  > 25.0%
                                    orbital occupancy  >  0.10e

                        Line of Centers        Hybrid 1             Hybrid 2
                        ---------------  -------------------  ------------------
           NBO            Theta   Phi    Theta   Phi    Dev   Theta   Phi    Dev
 ===============================================================================
 Failed to locate density maximum for hybrid 2 on center 1


 SECOND ORDER PERTURBATION THEORY ANALYSIS OF FOCK MATRIX IN NBO BASIS

     Threshold for printing:   0.50 kcal/mol
                                                          E(2) E(NL)-E(L) F(L,NL)
      Donor (L) NBO              Acceptor (NL) NBO      kcal/mol   a.u.    a.u.
 ===============================================================================

 within unit  1
       None above threshold


 NATURAL BOND ORBITALS (Summary):

                                                     Principal Delocalizations
           NBO                 Occupancy    Energy   (geminal,vicinal,remote)
 ===============================================================================
 Molecular unit  1  (HLi)
 ------ Lewis --------------------------------------
    1. CR ( 1)Li  1             1.99993    -2.34722
    2. BD ( 1)Li  1- H  2       2.00000    -0.29113
 ------ non-Lewis ----------------------------------
    3. BD*( 1)Li  1- H  2       0.00003     0.44459
    4. RY ( 1)Li  1             0.00004     0.20074
    5. RY ( 2)Li  1             0.00000     0.16384
    6. RY ( 3)Li  1             0.00000     0.16384
          -------------------------------
                 Total Lewis    3.99993  ( 99.9983%)
           Valence non-Lewis    0.00003  (  0.0008%)
           Rydberg non-Lewis    0.00004  (  0.0009%)
          -------------------------------
               Total unit  1    4.00000  (100.0000%)
              Charge unit  1    0.00000

 $CHOOSE
   BOND S 1 2 END
 $END


 NATURAL LOCALIZED MOLECULAR ORBITAL (NLMO) ANALYSIS:

 1 pass over DM reduced the maximum off-diagonal element to 0.14E-14

 Hybridization/Polarization Analysis of NLMOs in NAO Basis:
 NLMO / Occupancy / Percent from Parent NBO / Atomic Hybrid Contributions
 -------------------------------------------------------------------------------
   1. (2.00000)  99.9966% CR ( 1)Li  1
                         100.000% Li  1 s(100.00%)p 0.00(  0.00%)
   2. (2.00000) 100.0000% BD ( 1)Li  1- H  2
                          27.882% Li  1 s( 70.94%)p 0.41( 29.06%)
                          72.118%  H  2 s(100.00%)

 Individual LMO bond orders greater than 0.002 in magnitude,
 with the overlap between the hybrids in the NLMO given:

 Atom I / Atom J / NLMO / Bond Order / Hybrid Overlap /
    1       2       2     0.5576433       0.6228213


 Atom-Atom Net Linear NLMO/NPA Bond Orders:

     Atom    1       2
     ---- ------  ------
   1. Li  0.0000  0.5577
   2.  H  0.5577  0.0000


 Linear NLMO/NPA Bond Orders, Totals by Atom:

     Atom    1
     ---- ------
   1. Li  0.5577
   2.  H  0.5577

 Maximum scratch memory used by NBO was 130727 words (1.00 MB)
Stopping NBO...-------
TIMINGS
-------

Total SCF time: 0 days 0 hours 0 min 0 sec 

Total time                  ....       0.164 sec
Sum of individual times     ....       0.056 sec  ( 33.9%)

Fock matrix formation       ....       0.006 sec  (  3.9%)
Diagonalization             ....       0.000 sec  (  0.2%)
Density matrix formation    ....       0.000 sec  (  0.0%)
Population analysis         ....       0.037 sec  ( 22.6%)
Initial guess               ....       0.004 sec  (  2.5%)
Orbital Transformation      ....       0.000 sec  (  0.0%)
Orbital Orthonormalization  ....       0.000 sec  (  0.0%)
DIIS solution               ....       0.001 sec  (  0.3%)
SOSCF solution              ....       0.000 sec  (  0.2%)

Maximum memory used throughout the entire SCF-calculation: 223.5 MB

-------------------------   --------------------
FINAL SINGLE POINT ENERGY        -7.863307119220
-------------------------   --------------------


                            ***************************************
                            *     ORCA property calculations      *
                            ***************************************

                                    ---------------------
                                    Active property flags
                                    ---------------------
   (+) Dipole Moment


------------------------------------------------------------------------------
                       ORCA ELECTRIC PROPERTIES CALCULATION
------------------------------------------------------------------------------

Dipole Moment Calculation                       ... on
Quadrupole Moment Calculation                   ... off
Polarizability Calculation                      ... off
GBWName                                         ... lih-hf-sto3g.gbw
Electron density                                ... lih-hf-sto3g.scfp
The origin for moment calculation is the CENTER OF MASS  = ( 1.381433,  0.376740  0.000000)

-------------
DIPOLE MOMENT
-------------
                                X             Y             Z
Electronic contribution:      3.33004       0.00000       0.00000
Nuclear contribution   :     -1.42473       0.00000       0.00000
                        -----------------------------------------
Total Dipole Moment    :      1.90532       0.00000       0.00000
                        -----------------------------------------
Magnitude (a.u.)       :      1.90532
Magnitude (Debye)      :      4.84293



--------------------
Rotational spectrum 
--------------------
 
Rotational constants in cm-1:     0.000000     8.181708     8.181708 
Rotational constants in MHz :     0.000000 245281.426224 245281.426224 

 Dipole components along the rotational axes: 
x,y,z [a.u.] :     1.905316     0.000000     0.000000 
x,y,z [Debye]:     4.842929     0.000000     0.000000 

 

Timings for individual modules:

Sum of individual times         ...        0.294 sec (=   0.005 min)
GTO integral calculation        ...        0.097 sec (=   0.002 min)  33.1 %
SCF iterations                  ...        0.197 sec (=   0.003 min)  66.9 %
                             ****ORCA TERMINATED NORMALLY****
TOTAL RUN TIME: 0 days 0 hours 0 minutes 0 seconds 371 msec
